01com\.com
02ch\.org
077\.spb\.ru
0chan\.ru
100\.goodoo\.ru
195\.161\.119\.244
1costaricalink\.com
1intim-uslugi\.ru
212\.24\.32\.85
217\.16\.18\.189
2255\.info
24proxy\.com
24up\.ru
289\.us
2channel\.ru
2--ch\.ru
2ch\.so
2fastsurfer\.com
2serdechka\.ru
2shared\.com
2v1\.ru
3ch\.ru
3dsexcomic\.com
468\.molotok\.ru
468\.smi\.ru
474\.cc
4allforum\.com
4remotesupport\.com
4shared\.com
4tube\.com
5hk\.net
62\.118\.249\.36
645\.cc
75i\.net
768\.ru
78y\.net
7ruk\.ru
81\.19\.69\.6
911cams\.com
a7block\.comyr\.com
acqjournal\.ru
adam\.pisshunters\.com
ad\.clickhere\.ru
adfox
ads\.interactivetools\.com
adult-top\.ru
adulttrans\.ru
adultwebmaster\.ru
adv\.odnoklassniki\.ru
aeterna\.ru
affetto\.ru
afisha\.ru
alchemy-lab\.com
alfamoon2008\.narod\.ru
alida\.ru
alleya\.ru
allfiles\.ru
allfinansi\.ru
allprikol\.ru
amateurs\.freenudepics\.org
amegaproxy\.com
amik\.ru
amoralno\.net
amyspaceproxy\.com
anekdotov\.net
anekdot\.ru
anonimdo\.am
anonim\.inf\.ua
anonim\.pro
anonimvk\.ru
anoniproxy\.com
anonprox\.com
anonproxy\.info
anonycat\.com
anonym\.*
anonymisierungsdienst\.de
anonymization\.net
anonymize\.net
anonymizer\.com
anonymizer\.nntime\.com
anonymizer\.ru
anonymizer\.secuser\.com
anonymouse\.org
anonymouse\.ws
anonymousindex\.com
anonymousurfing\.info
anonymsp\.ru
anotherproxy\.com
antifw\.tk
antimult\.ru
antioffice\.ru
antiproxy\.com
anub\.ru
anyplace-control\.com
apachan\.net
aphorism\.ru
apple\.comyandex\.ru
aproxysite\.com
arandomproxy\.com
arkhaim\.ru
armadaboard\.com
art-porno\.org
asfile\.com
ass4fun\.just-a-porn\.com
atlaskit\.com
autokadabra\.
autokadabra\.ru
avgusta\.ru
avioletta\.ru
awaps\.yandex\.ru
awmchat\.ru
axax\.ru
axifile\.com
babyblog\.ru
badongo\.com
badongo\.net
bash\.org\.ry
basic\.3proxy\.com
bbscenter\.ru
bcm\.ru
behidden\.com
beHidden\.com
belarusy\.by
bentley\.ru
beon\.ru
berkovafilms\.ru
bestops\.net
bestpics\.ru
bestpornhost\.com
bestsharing\.com
bestsporno\.info
betaproxy\.com
beta\.stulchik\.net
bidedkid\.ru
bigate\.com
bigboobsalert\.com
bigupload\.com
binfile\.org
bitoman\.ru
blaim\.*
blairstownnj\.org
blockmenot\.biz
blockmenot\.com
blockmenot\.net
blockmy\.info
blogistan\.ru
blogmania\.ru
blogonline\.ru
blogosphera\.ru
blog\.ru
blogs\.klerk\.ru
blogs\.mail\.ru
blogs\.tks\.ru
blogus\.ru
bondage\.ru
bonpoo\.com
boredatschool\.net
boredatwork\.info
borshec\.ru
boxproxy\.com
breiter\.ch
browseany\.com
browseatwork\.com
browseatwork\.net
browseschool\.info
browsesecurely\.com
browsework\.info
browsingschool\.com
browsingschool\.info
browsingwork\.com
browsingwork\.info
bs\.yandex\.ru
buhashka\.ru
burya-yaga\.ru
byelarus\.com
bypassbrowser\.com
bypasslocks\.info
bypassway\.net
bypassy\.com
bywhat\.com
calcmaster\.net
cameleo\.*
cameleo\.ru
caricatura\.ru
casino2000\.ru
catalog\.pornofotok\.net
catchup\.ru
cd\.ru
cekcme\.narod\.ru
cgi-proxy\.info
cgiproxy\.info
cgi-proxy\.net
city-net\.ru
cj\.sexdolls\.ru
clav\.info
cleverproxy\.com
client\.google\.com
cloaker\.ca
cloax\.net
\.clx\.ru
collegeproxy\.com
comby\.ru
come2store\.com
concealme\.com
connect\.ua
consti\.de
copypast\.ru
counter\.rambler\.ru
coveredtracks\.com
crazylove\.ru
crisproxy\.eu
cs00\.vkontakte\.ru
cumshots\.ru
cxx\.ru
cyber-sex-links\.com
cyberwoot\.com
d3\.ru
daidostup\.*
daidostup\.ru
dailymotion\.com
damochka\.ru
dardan\.ru
darkdiary\.ru
data\.cod\.ru
datadefense\.org
dating\.ru
datingslist\.com
daveproxy\.co\.uk
dboe\.ru
dclk\.imho\.ru
deffki\.ru
delimitdesign\.com
demonproxy\.com
depeshare\.com
depositfiles\.com
desireproxy\.com
desiupload\.net
dfiles\.ru
diary\.ru
dir\.ru
dirty\.ru
DivShare\.com
dobrochan\.ru
docpoisk\.ru
doc-safe\.ru
dofiga\.net
doggysnaps\.com
dogster\.ru
domina\.ru
dontbestopped\.info
dostupest\.ru
dostyp\.ru
dosuglist\.ru
dosug\.nu
dosugonline\.ru
dosugvip\.ru
doxyproxy\.com
drfunk\.org
DropBoks\.com
dropbox\.com
dropp\.ru
drproxy\.net
drugme\.ru
dsvdata\.ru
dumalka\.ru
dump\.ru
durovloh\.ru
durov\.ru
dyngate\.com
dzzt\.com
easyfilehost\.com
easy-share\.com
easy-sharing\.com
eblist\.net
edisk\.cz
eevropa\.ru
egelska\.is
egoiste\.ru
egoshare\.com
elite\.super-puper\.com
embedproxies\.com
emgsound\.ru
engine\.awaps\.net
erobn\.com
ero\.boom\.ru
ero-gallery\.info
erogen\.ru
ero\.girlnsk\.ru
ero\.gouago\.com
ero\.sexy-cola\.com
erosfera\.ru
eros-shop\.ru
erostory\.ru
erotika\.kiev\.ua
erotxt\.ru
erovideo\.ru
ero-xxx\.info
esexis\.com
eSnips\.com
eti\.ru
etop\.ru
evrosex\.ru
exfile\.ru
exler\.ru
facebook\.com
fakultet\.ru
familyspace\.ru
famous\.*
famous5\.net
fayloobmennik\.net
feels\.ru
filearchiv\.ru
filebuffer\.net
filecache\.de
filedeluxe\.com
filedepartment\.com
filefactory\.com
filefactory\.ru
filefile\.ru
filefront\.com
filegone\.com
filehd\.com
fileho\.com
filehoster\.ru
filehost\.ro
filemaster\.ru
filepost\.ru
file\.raid\.ru
file\.sc
files\.gameworld\.kz
fileshack\.us
fileshare\.in\.ua
files\.mail\.ru
files\.namba\.kz
filespace\.ru
files\.to
files-upload\.com
filesupload\.com
filesurf\.ru
file\.teraherz\.ru
file-tut\.ru
file\.uz
filter2005\.com
finmetrics\.ru
fion\.ru
fireprox\.com
firstgaysite\.com
fishingmap\.ru
fishki\.net
flamap\.ru
flashgamer\.net\.ru
flash-games\.ru
flashpark\.ru
flashplayer\.ru
flash\.playland\.ru
flashtown\.ru
flirt\.by
flirtdosug\.com
flirtlist\.ru
flirtomir\.com
flirt\.ru
flyfolder\.ru
flyproxy\.com
flyupload\.com
fomenko\.ru
forbuhgalteria\.ru
forum\.opensex\.ru
fotodarom\.com
fotopaparazzi\.com
fotostrana\.
foxyproxy\.net
fpclub\.ru
free2\.surffreedom\.com
freedomtunnel\.info
freemyurl\.info
freepr0xy\.com
freeproxy\.ca
free-proxy\.info
freeproxy\.ru
freeproxyserver\.org
freeproxysite\.com
freeproxysurf\.info
free-transfer\.de
freeuploader\.com
freevideo\.ru
free-web-proxy.\de
freewebproxy\.org
friendlyshare\.de
frottage\.narod\.ru
f\.spoolls\.com
fsurf\.com
fsx\.hu
ftpproxy\.info
fullysickproxy\.com
funlove\.ru
fupload\.com
gallery-29zu642wt2tqyp2\.usercash\.com
gamemag\.ru
games\.mnogo\.ru
GamesProxy\.com
games\.ru
gayblack\.ru
gayly\.ru
gayru\.info
gazetarus\.ru
gdefile\.ru
gdekontakt\.ru
gde\.ru
gde-vse\.ru
geoepker.hu/freeproxy
getaroundfilters\.info
getfile\.biz
getinform\.ru
getonnow\.info
get-proxy\.com
getzilla\.net
gflash\.ru
ghost1\.com
ghostproxy\.com
gidepark\.ru
giftube\.com
gigashare\.com
gigasize\.com
gigaunblock\.com
girlnsk\.ru
girls\.lariska\.com
glance\.net\.ru
gobyproxy\.com
gogay\.ru
goldflirt\.ru
golovolomka\.hobby\.ru
gonestealthy\.com
good-game\.ru
gopast\.net
goproxing\.com
gorodsnov\.ru
gothru\.info
gotoassist\.com
gotomypc\.com
guardster\.com
gunshin\.net
h0h0h0\.com
habrahadr\.ru
habrastorage\.*
hackingtruths\.org
hackz\.nu
happydayz\.ru
hardcoregrannysex\.com
hard\.sweetsex\.ru
hddfiles\.ru
hemenpaylas\.com
hentaivsmanga\.com
hiblogger\.net
hidden4u\.com
hide\.*
hide-me\.be
hideme\.ru
hideme\.spb\.ru
hidemyass\.com
hideyour\.info
hidingyou\.com
hitfile\.net
hitwonder\.info
hlamu\.net
holostyak\.com
homeporno\.ru
homesex\.ru
hotfile\.ru
hotgirls\.sexsodrom\.com
hothat\.ru
\.hotlog\.ru
hotlog\.ru
hotporno\.muchhits\.info
hotproxies\.info
hotsurflive\.com
hot-xxx-porno\.info
howto\.pro
hqhost\.net
htthost\.com
httpproxy\.info
httproxy\.com
http-tunnelclient\.com
http-tunnel\.com
\.hutor\.ru
hyperupload\.com
ianonymous\.info
icefile\.com
icefile\.net
idfree\.ru
idzap\.com
IEproxy\.com
ifolder\.ru
igri\.info
igrodrom\.ru
iichan\.ru
ikra\.tv
ilovecinema\.ru
ilove\.ru
ILove\.ru
i-m-andrew\.narod\.ru
imsly\.com
incestory\.net
incestru\.com
indianproxy\.com
indonbass\.com\.ua
i-need-you\.ru
ineedyou\.ru
infomama\.ru
instant-vpn\.com
intelliproxy\.com
interkontakt\.net
internetfiles\.org
intimlove\.ru
intim-portal\.ru
intimpost\.com
intimshop\.info
intim-znakomstva\.ru
intv\.ru
intwayblog\.net
inzest\.ru
ipblocker\.info
iphide.com
ip-live\.com
iprive\.com
iproxy\.eu
ipsecret\.com
iramateurs\.blogspot\.com
itblogs\.ru
itcnr\.ru
iworker\.ru
jewtube\.com
j-net\.ru
joinfriends\.com
journals\.ru
jtunnel\.com
jumbofile\.com
justhide\.com
justlove\.ru
justupit\.com
jvanetsky\.ru
kalarupa\.com
katedrala\.cz
kazanromantic\.com
keepmyfile\.com
kinobaza\.com
kiwi\.kz
knez\.ru
kniff\.de
komiproekt\.com
kontaktlive\.
kozlodoev\.net
kproxy\.com
krovatka\.ru
krovatka\.su
krutomer\.ru
ktv\.ee
kulichki\.net
kupidon\.ru
kvnru\.ru
lamur\.net
lamur\.ru
lbe\.ru
lbn\.ru
letitbit\.net
letitbit\.ru
letsproxy\.com
libo\.ru
lieber\.ru
lifestylerepublic\.ru
limpa\.ru
linkedin\.com
listx\.ru
live\.cnews\.ru
livegames\.ru
live\.hh\.ru
livehh\.ru
liveindex\.ru
liveinternet\.ru
livejournal\.com
livelib\.ru
live-share\.com
livreproxy\.com
lizun\.biz
lj\.rossia\.org
lleo\.aha\.ru
log-in\.ru
logmein
logmein123\.com
logmein\.com
logmeinrescue\.com
logmeinrescue-enterprise\.com
logmein\.ru
logmeinsolutions\.com
long999\.com
looler\.com
love24h\.com
love555\.ru
loveb\.ru
lovefree\.us
love\.gala\.net
lovegid\.
loveinfo\.ru
love\.mail\.ru
loveme\.ru
love\.miheeff\.ru
love-ok\.ru
loveplanet\.ru
love\.proext\.com
love\.rambler\.ru
love\.ru
love\.saratov\.com
love-vecher\.ru
lov-h\.ru
lovi\.tv
l-sr\.ru
lubovy\.ru
macromedia\.com
mailbigfile\.com
makefolder\.com
mamba\.ru
man30\.ru
marmeladova\.com
marry\.ru
marzie\.com
master-x\.com
maxtop\.ru
maybe\.ru
mazoo\.net
mdate\.ru
mediafire\.com
meetfile\.com
meetlady\.ru
megaperson\.ru
megaporn\.com
megaproxy\.com
megarotic\.com
megashare\.com
megashares\.com
megaupload\.com
merletn\.org
merletn\.org/anonymizer
metacafe\.com
midh\.net
midload\.com
military\.com
min2win\.ru
mindmix\.ru
minisave\.com
mirtesen\.ru
misterprivacy\.com
mlove\.ru
mmm-tasty\.ru
mmorpg\.su
mobog\.com
moikrug\.ru
mojvideo\.com
momoshare\.com
momupload\.com
moneyinbank\.ru
moneyinweb\.info
mooload\.com
moskva\.com
moyideal\.ru
mpfiles\.ru
mrreid\.net
mtftransgender\.ru
mult\.ru
mydarling\.ru
mygames\.ru
myinternetproxy\.com
my-lib\.ru
mylivepage\.ru
mylove\.Ru
my\.mail\.ru
myporno\.ru
myproxysite\.com
myproxysurfer\.com
myrate\.ru
mysharebox\.com
myshield\.com
myspacebypass\.com
myspace\.com
mysticproxy\.com
mytempdir\.com
myupload\.biz
nadaily\.com
nahraj\.cz
narod\.yandex\.ru
nashaerotika\.ru
nbo\.ru
nebo9\.ru
neklassniki\.ru
nekontakt2\.ru
nemir\.ru
neolove\.Ru
neoproxy\.net
netload\.in
netviewer
newanonymous\.com
newproxy\.be
news\.gormedspravka\.ru
news-p\.ru
newssell\.ru
ngs\.ru
ninjaproxy\.com
nnm\.ru
no1proxy\.com
nogame\.ru
noipproxy\.com
nomorefilter\.com
nomorelimits\.net
nopimps\.com
norton-lambert\.com
nosex\.ru
notetoteapp\.com
nowai\.ru
npj\.ru
ntrconnect\.com
ntrglobal\.com
o5wap\.ru
obome\.de
odessapage\.com
odlist\.ru
odnoklassniki\.
odnoklassniki-gold\.ru
OdVk\.ru
ogurchik\.com
ohmyproxy\.com
OhMyProxy\.com
ok\.ru
olx\.com
olx\.ru
omen\.ru
online-proxy\.net
onmsk\.ru
openblockers\.info
opencoffee\.ru
openfile\.ru
open-surf\.com
openupms\.com
orangatango\.com
orangesurf\.info
orb-z\.com
oreys\.com
orgazmo\.ru
oru\.ru
osdosug\.com
ostrie\.moskva\.com
otdihali\.ru
oxedion\.com
oxyshare\.com
paid4load\.de
palurl\.com
pants\.ru
partner\.erovideo\.ru
partypoker\.com
peachieness\.com
perfectproxy\.com
personalinfomediary\.com
person\.ru
pers\.ru
phonebin\.com
photohunt\.org
phproxy5\.com
phproxy\.org
picred\.com
pics\.rbc\.ru
pics\.thedaily\.ru
pig\.ru
pikar\.ru
pimpfreepics\.com
pimpmyip\.com
pipiska\.ru
pirateshare\.net
pizdulka\.com
planeta\.rambler\.ru
planetaxxx\.ru
playmus\.cc
play\.yandex\.ru
pleaseunblock\.com
pleshka\.com
plus\.google\.com
podrochi\.ru
pokerclub\.ru
pokerlistings\.ru
ponravitsa\.ru
porevo\.info
pornhub\.com
porno-
porno\.
pornoart\.org
pornocd\.ru
pornolab\.net
pornolist\.ru
pornorama\.com
pornosaitov\.net
pornosaity\.com
porno-top\.com
pornotube\.com
pornozero\.com
porntube\.com
pornuha\.100free\.com
pornuhka\.net
posekretu\.info
poznakomka\.ru
pp\.ua
pravda\.webhost\.ru
presscom\.org
prikol\.org
primeproxy\.com
primeupload\.com
privacy-world\.com
privatebrowse\.info
privatebrowsing\.com
privet\.ru
prn\.ru
procksie\.com
promodj\.ru
prostoi\.com
proxene\.com
proxiest\.info
proxified\.net
proxify\.com
proxifyme\.com
proxy10\.info
proxy11\.info
proxy121\.com
proxy12\.info
proxy13\.info
proxy14\.info
proxy15\.info
proxy16\.info
proxy17\.info
proxy18\.info
proxy19\.info
proxy1\.info
proxy20\.info
proxy247\.com
proxy2\.info
proxy3\.info
proxy4free\.com
proxy4\.info
proxy4myspace\.org
proxy4you\.net
proxy5\.info
proxy6\.info
proxy77\.com
proxy7\.com
proxy7\.info
proxy8\.info
proxy9\.info
proxyanon\.com
proxya\.ru
proxyaware\.com
proxy\.bookmagsoft\.com
proxybrowsing\.com
proxybus\.com
proxybuster\.net
proxycat\.com
ProxyCat\.com
proxy\.cd
proxychatroom\.com
proxycraze\.com
proxy\.decodes\.biz
proxydetective\.com
proxydrop\.biz
proxydrop\.com
proxydrop\.info
proxydrop\.net
proxydrop\.org
proxy\.flooda\.us
proxyforall\.com
proxyfoxy\.com
proxygasp\.com
proxygeek\.com
proxyghost\.com
proxy\.guardster\.com
proxyguy\.com
proxyhero\.com
proxyhustle\.com
proxyify\.info
proxyindex\.com
proxyjet\.com
proxyking\.net
proxy-listen\.de
proxylord\.com
proxy\.loteks\.web\.id
proxymod\.com
proxymouse\.com
proxy\.mxds\.ch
proxynanny\.com
proxyninja\.com
proxynut\.com
proxy\.ocramc\.com
proxy\.ocramc\.info
proxyok\.com
proxyone\.com
proxypi\.com
ProxyPi\.com
proxyplease\.com
proxypop\.com
proxyprince\.com
proxyrat\.com
proxyring\.com
proxysafe\.com
proxyserver7\.com
proxysnail\.com
proxy-sock\.com
proxyspy\.com
ProxySpy\.com
proxy-surf\.com
proxy-surf\.net
proxysurf\.org
proxytastic\.com
proxywave\.com
proxyweb\.net
proxywhip\.com
proxy\.winidn\.com
proxyz\.be
proxyz\.us
proxzero\.com
proznakomstva\.ru
pruxy\.com
prx1\.com
prx\.in
psurf\.net
pureprivacy\.com
pussy\.hut2\.ru
pu-teen\.ru
querynet\.net
quickdump\.com
quicksharing\.com
radmin
rapidfile\.fr
rapid\.forumw\.org
rapidshare\.com
rapidshare\.de
rapidshare\.ru
rapidsharing\.com
rapidupload\.com
rawmsk\.ru
readme\.ru
realdosug\.ru
realmedia-a800\.d4p\.net
recfile\.com
red-club\.ru
redirect\.nameholding\.ru
redirect\.nameholding\.ruodnoklassniki
redirect\.nameholding\.ruvkontakte
redlips\.ru
redtube\.com
refrozen\.com
reklama\.utro\.ru
remote-desktop-control\.com
remoteexplorer\.com
remotely-anywhere\.ch
remotelyanywhere\.com
respublika\.ru
revision\.ru
rghost\.ru
ro89\.com
roachhost\.com
rol\.ru
rosnew\.ru
rrdb\.org
ru\.adam-i-eva\.com
rudate\.ru
rugarant\.ru
ruploitika\.ru
ruporno\.ru
rus44\.ru
rusadult\.com
ru\.savefrom\.net
rusawm\.com
rusedu\.net
rusexvideo\.net
rush\.com\.ua
ruspace\.ru
rus-porno\.ru
ru-top\.com
rutraf\.com
rutube\.ru
safegatetech\.com
samair\.ru
satanproxy\.com
savefile\.com
savemysoul\.ru
scanword\.ru
scaryproxy\.com
sceneupload\.net
sceneworld\.net
schematic\.org
schnarre-monika\.celebrityblog\.net
search\.sicomm\.us
secret4u\.ru
secuproxy\.com
seeeto\.com
seefrom\.me
see-room\.ru
send-file\.co\.uk
sendmefile\.com
sendover\.com
sendspace\.com
serdcebienie\.ru
serveradmin\.ru
sex\.
sexanime\.ru
sexbazar\.ru
sexbutik\.ru
sexcity\.com\.ru
sexclick\.biz
sexforum\.biz
sexinfoto\.net
sexinrussia\.ru
sexnarod\.ru
sexotop\.ru
sexplaneta\.ru
sex\.sexmir\.net
sexsodrom\.com
sextalk\.com\.ru
sextalk\.ru
sexuploader\.com
sexvideogid\.ru
sex\.x-saler\.com
sexychat\.ru
sexycybergirls\.com
sexyfoto\.ru
sexy-mary\.land\.ru
sexyshopping\.ru
sexytop\.girlnsk\.ru
sex-znakomstva\.ru
s-forum\.ru
shadowbrowser\.com
shadowclick\.com
shadowsurf\.com
shady\.mytwinports\.com
shara\.by
share\.am
sharebigfile\.com
sharemania\.ru
share\.nnov\.ru
shareua\.com
sharing\.ru
shender\.ru
shinobi\.by\.ru
showmypc\.com
shysurfer\.com
siatec\.net
sibirintim\.ru
silentsurf\.com
simpleproxy\.com
simpleupload\.de
singlecity\.ru
siproxy\.us
sisi\.ru
sisitop\.ru
sitelove\.ru
siteunlocker\.com
siza\.us
slil\.ru
Slil\.ru
smartproxy\.net
smeley\.ru
smotri\.com
smski\.ru
smspr\.ru
snaggys\.com
sneak3\.po\.gs
snoopblocker\.com
soashable\.net
sobiraloff\.ru
someproxy\.com
sosedi-online\.ru
spaces\.ru
speedshare\.org
speedyshare\.com
spondoo\.com
spoolls\.com
spread-it\.com
spurtup\.com
spynot\.com
spysurfing\.com
sr-line\.ru
stealth-ip\.net
storeandserve\.com
strapongallery\.com
straponline\.com
streamupload\.com
striptizer\.ru
strongproxy\.com
stulchik\.net
stupidproxy\.com
stupidschool\.com
sunews\.ru
supashare.\com
supashare\.com
super-i\.at\.nightparty\.ru
supervoyeur\.fluo\.net
supload\.com
sureproxy\.com
surf24h\.com
surf-anon\.com
surf-anonymous\.org
surfinstantly\.info
surfola\.com
surfonym\.com
surfpiles\.com
surfshield\.net
swape\.org
sxnews\.ru
talk\.google\.com
teamviewer
teenproxy\.com
telefoner\.ru
tenoclock\.ru
thaiupload\.com
thatproxy\.com
the-bikini\.com
thecgiproxy\.com
the-cloak\.com
thefacebook\.com
theproxy\.be
theproxysite\.info
thestrongestlinks\.com
theunblocker\.tk
theupload\.com
thisbnk\.ru
timp\.ru
tnaflix\.com
tnt-online\.ru
tntproxy\.com
toodoo\.ru
top\.girlsberry\.com
topklerk\.ru
top\.realxxx\.org
top.znakomstv\.ru
totalnetprivacy\.com
totalrc\.com
totalupload\.com
traceless\.com
traf\.vyser\.ru1cbuhgalteria\.ru
transferbigfiles\.com
trindelka\.net
tryor\.com
tualet\.net
tube8\.com
turbobit\.net
turboshare\.de
turboupload\.com
tutvsesvoi\.ru
twitter\.com
uachan\.com
uaprikol\.com
ucoz\.ru
ukproxy\.com
ultimate-anonymity\.com
ultimate-anonymity\.net
ultimate-anonymity\.org
ultrachat\.ru
ultrashare\.de
ultrashare\.net
unblockatschool\.org
unblock-blocked-sites\.com
unblocker\.biz
unblockmycrap\.com
unblockmyspace\.com
unblockthis\.com
unbocksource\.info
unlock\.*
unlumen\.ru
update\.microsoft\.com
update\.windows\.com
updownloadserver\.de
up-file\.com
up\.li\.ru
upload2\.com
upload2\.net
uploaded\.to
upload-file\.net
uploadfront\.com
uploadhut\.com
uploading\.com
uploadport\.com
uploadready\.com
upload\.sc
uploadsend\.com
uploadtemple\.com
uploadtown\.com
uploadyourfiles\.de
urlbl\.ru
urlencoded\.com
urod\.ru
userbeam\.de
user\.kz
ushareit\.com
\.valueclick\.ru24open\.ru
valuedgirls\.com
vaytube\.com
venividi\.ru
veoh\.com
verzend\.be
videoeditors\.info
videogai\.ru
viewtheweb\.info
vimeo\.ru
vimports\.ru
vimuto\.com
vip-cl\.ru
vip\.murik\.org
vip-znakomstvo\.ru
virgilio\.it
vitadating\.ru
vk\.com
vkontakte\.ru
vkontaktir\.ru
vkrugudruzei\.ru
vladimir\.vladimirovich\.ru
vmaxi\.ru
vnezapno\.ru
voffka\.com
vokontakt\.ru
volgalive\.ru
vproxy\.be
vremaidet\.ru
vsedruzya\.ru
vseti\.by
vspomni\.ru
vsya\.com
vtunnel\.com
vzdanii\.ru
w00tage\.com
w[0-9]{1,2}\.odnoklassniki\.ru
w3privacy\.com
wankdb\.com
wantproxy\.com
wap\.ebuchka\.ru
wap\.odnoklassniki\.ru
wap\.vkontakte\.ru
watchersweb\.com
web2ftp\.com
webby\.ru
webfilehost\.com
webfile\.ru
WebFile\.ru
webfinder\.ru
webftp\.host\.sk
webkrug\.ru
webmasta\.org
webpark\.ru
websitereactor\.org
webwarper\.net
weekshare\.com
wg[0-9]{1,2}\.odnoklassniki\.ru
whitecatal\.info
wikiupload\.com
windowsupdate\.com
withoutfilters\.com
wmadult\.com
wordpress\.com
workandtalk\.ru
worka\.ru
workstudyplay\.com
worldwideunblocker\.info
wowbrowse\.com
wow\.ya\.ru
www\.avti15\.ru
www\.browserunblocker\.com
www\.centerfreedownload\.com
www\.dy\.saywa\.cn
www\.facebookfirewall\.com
www\.facebookproxy\.us
www\.facebookunblocker\.org
www\.grezz\.com
www\.iranprox\.com
www\.jelya\.ru
www\.megaupload\.com
www\.myspace-unblocker\.org
www\.proxb\.com
www\.tripleseven\.us
wyinc\.ru
xanproxy\.be
x-bomb\.info
xep\.ru
xfreehosting\.com
xhamster\.com
x-libris\.net
xn--80aennkdjczk\.su
xnxx\.com
xpill\.info
x-portal\.ws
xrpc\.net
x-story\.ru
xtrafile\.com
xtube\.com
xvideos\.com
xxx\.com
xxx-dosug\.jino-net\.ru
xxxdosug\.ru
xxx\.moy\.su
xxxznakomstva\.ru
xxxzona\.com
xy4-anonymizer\.ru
xy4\.ru
x-zero\.ru
yanarabote\.ru
yapfiles\.ru
yaplakal\.com
yatalent\.com
yobt\.tv
youjizz\.com
youmama\.ru
youngamateurs\.genblogger\.com
youporn\.com
youporn\.ru
yourfilehost\.com
yourfilelink\.com
yourfile\.org
your-freedom
yourfreeproxy\.com
your-ideal\.com
yousendit\.com
you-sp\.ru
yuretz\.ru
zabarankoi\.ru
zakachali\.com
zalet\.ru
zalil\.ru
zapretanet\.ru
zapret\.info
zaycev\.net
zelek\.ru
zend2\.com
zeta777\.ru
zhube\.com
zippyshare\.com
znakomctba\.ru
znakomstva-sitelove\.ru
znakomstva\.slando\.ru
znakosha\.ru
zonaoffice\.ru100druzei\.com
zshare\.net
zupload\.com
